Linux g49-proxy 5.15.0-1021-gcp #28~20.04.1-Ubuntu SMP Mon Oct 17 11:37:54 UTC 2022 x86_64
+------------------------------------------------------+
|                                                      |
|   Columbia CSEE 4119 Fall 2022 - Routing Project     |
|             Build your mini-Internet!                |
|                                                      |
|                                                      |
|   You can modify this welcoming message by           |
|   modifying the file welcoming_message.txt           |
|   in the config directory                            |
|                                                      |
|   From here, you can access your virtual devices     |
|   with the goto.sh script. For instance:             |
|                                                      |
|   ./goto.sh MIAM router                              |
|                                                      |
+------------------------------------------------------+
Last login: Thu Nov 24 22:51:44 2022 from 157.0.0.59
root@g49-proxy:~# ./goto.sh BOST router

Hello, this is FRRouting (version 7.5).
Copyright 1996-2005 Kunihiro Ishiguro, et al.

BOST_router# conf t
BOST_router(config)# router bgp 49
BOST_router(config-router)# neighbor 49.0.10.1 remote-as 49
BOST_router(config-router)# neighbor 49.0.7.1 remote-as 49
BOST_router(config-router)# neighbor 49.0.10.1 next-hop-self
BOST_router(config-router)# neighbor 49.0.7.1 next-hop-self
BOST_router(config-router)# exit
BOST_router(config)# exit
BOST_router# show ip bgp summary

IPv4 Unicast Summary:
BGP router identifier 49.156.0.1, local AS number 49 vrf-id 0
BGP table version 0
RIB entries 0, using 0 bytes of memory
Peers 2, using 43 KiB of memory

Neighbor        V         AS   MsgRcvd   MsgSent   TblVer  InQ OutQ  Up/Down State/PfxRcd   PfxSnt
49.0.7.1        4         49         3         3        0    0    0 00:00:04            0        0
49.0.10.1       4         49         3         3        0    0    0 00:00:05            0        0

Total number of neighbors 2
BOST_router# show ip route bgp
BOST_router# ping 100.101.0.1 -c 10
% Unknown command: ping 100.101.0.1 -c 10
BOST_router# show ip route bgp
BOST_router# show ip route bgp
BOST_router# show ip bgp
No BGP prefixes displayed, 0 exist
BOST_router# show ip bgp sum

IPv4 Unicast Summary:
BGP router identifier 49.156.0.1, local AS number 49 vrf-id 0
BGP table version 0
RIB entries 0, using 0 bytes of memory
Peers 2, using 43 KiB of memory

Neighbor        V         AS   MsgRcvd   MsgSent   TblVer  InQ OutQ  Up/Down State/PfxRcd   PfxSnt
49.0.7.1        4         49         7         7        0    0    0 00:04:26            0        0
49.0.10.1       4         49         7         7        0    0    0 00:04:27            0        0

Total number of neighbors 2
BOST_router# show ip bgp sum

IPv4 Unicast Summary:
BGP router identifier 49.156.0.1, local AS number 49 vrf-id 0
BGP table version 0
RIB entries 0, using 0 bytes of memory
Peers 2, using 43 KiB of memory

Neighbor        V         AS   MsgRcvd   MsgSent   TblVer  InQ OutQ  Up/Down State/PfxRcd   PfxSnt
49.0.7.1        4         49         8         8        0    0    0 00:05:56            0        0
49.0.10.1       4         49         8         8        0    0    0 00:05:57            0        0

Total number of neighbors 2
BOST_router# show ip bgp sum

IPv4 Unicast Summary:
BGP router identifier 49.156.0.1, local AS number 49 vrf-id 0
BGP table version 0
RIB entries 0, using 0 bytes of memory
Peers 2, using 43 KiB of memory

Neighbor        V         AS   MsgRcvd   MsgSent   TblVer  InQ OutQ  Up/Down State/PfxRcd   PfxSnt
49.0.7.1        4         49         8         8        0    0    0 00:05:58            0        0
49.0.10.1       4         49         8         8        0    0    0 00:05:59            0        0

Total number of neighbors 2
BOST_router# ping 100.101.0.1 -c 10
% Unknown command: ping 100.101.0.1 -c 10
BOST_router# ping 100.101.0.1      
connect: Network is unreachable
BOST_router# traceroute 100.101.0.1 
traceroute to 100.101.0.1 (100.101.0.1), 64 hops max
  1  traceroute: sendto: Network is unreachable
BOST_router# ping 49.0.5.1
PING 49.0.5.1 (49.0.5.1) 56(84) bytes of data.
64 bytes from 49.0.5.1: icmp_seq=1 ttl=63 time=2.29 ms
64 bytes from 49.0.5.1: icmp_seq=2 ttl=63 time=2.26 ms
64 bytes from 49.0.5.1: icmp_seq=3 ttl=63 time=2.25 ms
64 bytes from 49.0.5.1: icmp_seq=4 ttl=63 time=2.18 ms
64 bytes from 49.0.5.1: icmp_seq=5 ttl=63 time=2.30 ms
^C
--- 49.0.5.1 ping statistics ---
5 packets transmitted, 5 received, 0% packet loss, time 4005ms
rtt min/avg/max/mdev = 2.187/2.262/2.307/0.059 ms
BOST_router# ping 180.0.49.2
connect: Network is unreachable
BOST_router# ping 180.0.49.2
connect: Network is unreachable
BOST_router# conf t
BOST_router(config)# router bgp 49
BOST_router(config-router)# neighbor 49.0.5.1 remote as 49
% Unknown command: neighbor 49.0.5.1 remote as 49
BOST_router(config-router)# neighbor 49.0.5.1 remote-as 49
BOST_router(config-router)# exit
BOST_router(config)# exit
BOST_router# show ip bgp sum

IPv4 Unicast Summary:
BGP router identifier 49.156.0.1, local AS number 49 vrf-id 0
BGP table version 1
RIB entries 3, using 576 bytes of memory
Peers 3, using 64 KiB of memory

Neighbor        V         AS   MsgRcvd   MsgSent   TblVer  InQ OutQ  Up/Down State/PfxRcd   PfxSnt
49.0.5.1        4         49         5         3        0    0    0 00:00:10            2        0
49.0.7.1        4         49        14        14        0    0    0 00:11:42            0        0
49.0.10.1       4         49        14        14        0    0    0 00:11:43            0        0

Total number of neighbors 3
BOST_router# ping 180.0.49.2\
ping: 180.0.49.2\: Temporary failure in name resolution
BOST_router# ping 180.0.49.2 
connect: Network is unreachable
BOST_router# conf t
BOST_router(config)# neighbor 49.0.5.1 next-hop-self
% Unknown command: neighbor 49.0.5.1 next-hop-self
BOST_router(config)# router bgp 49
BOST_router(config-router)# neighbor 49.0.5.1 next-hop-self
BOST_router(config-router)# exit
BOST_router(config)# exit
BOST_router# ping 180.0.49.2
connect: Network is unreachable
BOST_router# ping 100.101.0.1
PING 100.101.0.1 (100.101.0.1) 56(84) bytes of data.
64 bytes from 100.101.0.1: icmp_seq=1 ttl=61 time=4.92 ms
64 bytes from 100.101.0.1: icmp_seq=2 ttl=61 time=4.46 ms
64 bytes from 100.101.0.1: icmp_seq=3 ttl=61 time=4.45 ms
^C
--- 100.101.0.1 ping statistics ---
3 packets transmitted, 3 received, 0% packet loss, time 2002ms
rtt min/avg/max/mdev = 4.457/4.614/4.925/0.226 ms
BOST_router# conf t
BOST_router(config)# router bgp 49
BOST_router(config-router)# neighbor 49.0.1.1 remote-as 49
BOST_router(config-router)# neighbor 49.0.1.2 remote-as 49
BOST_router(config-router)# neighbor 49.0.2.1 remote-as 49
BOST_router(config-router)# neighbor 49.0.2.2 remote-as 49
BOST_router(config-router)# neighbor 49.0.3.1 remote-as 49
BOST_router(config-router)# neighbor 49.0.3.2 remote-as 49
BOST_router(config-router)# neighbor 49.0.4.1 remote-as 49
BOST_router(config-router)# neighbor 49.0.4.2 remote-as 49
BOST_router(config-router)# neighbor 49.0.5.1 remote-as 49
BOST_router(config-router)# neighbor 49.0.5.2 remote-as 49
BOST_router(config-router)# neighbor 49.0.6.1 remote-as 49
BOST_router(config-router)# neighbor 49.0.6.2 remote-as 49
BOST_router(config-router)# neighbor 49.0.7.1 remote-as 49
BOST_router(config-router)# neighbor 49.0.7.2 remote-as 49
% Can not configure the local system as neighbor
BOST_router(config-router)# neighbor 49.0.8.1 remote-as 49
BOST_router(config-router)# neighbor 49.0.8.2 remote-as 49
BOST_router(config-router)# neighbor 49.0.9.1 remote-as 49
BOST_router(config-router)# neighbor 49.0.9.2 remote-as 49
BOST_router(config-router)# neighbor 49.0.10.1 remote-as 49
BOST_router(config-router)# neighbor 49.0.10.2 remote-as 49
% Can not configure the local system as neighbor
BOST_router(config-router)# neighbor 49.0.11.1 remote-as 49
BOST_router(config-router)# neighbor 49.0.11.2 remote-as 49
BOST_router(config-router)# neighbor 49.0.12.1 remote-as 49
BOST_router(config-router)# neighbor 49.0.12.2 remote-as 49
BOST_router(config-router)# neighbor 49.0.13.1 remote-as 49
BOST_router(config-router)# neighbor 49.0.13.2 remote-as 49
BOST_router(config-router)# 
BOST_router(config-router)# neighbor 49.0.1.1 next-hop-self
BOST_router(config-router)# neighbor 49.0.1.2 next-hop-self
BOST_router(config-router)# neighbor 49.0.2.1 next-hop-self
BOST_router(config-router)# neighbor 49.0.2.2 next-hop-self
BOST_router(config-router)# neighbor 49.0.3.1 next-hop-self
BOST_router(config-router)# neighbor 49.0.3.2 next-hop-self
BOST_router(config-router)# neighbor 49.0.4.1 next-hop-self
BOST_router(config-router)# neighbor 49.0.4.2 next-hop-self
BOST_router(config-router)# neighbor 49.0.5.1 next-hop-self
BOST_router(config-router)# neighbor 49.0.5.2 next-hop-self
BOST_router(config-router)# neighbor 49.0.6.1 next-hop-self
BOST_router(config-router)# neighbor 49.0.6.2 next-hop-self
BOST_router(config-router)# neighbor 49.0.7.1 next-hop-self
BOST_router(config-router)# neighbor 49.0.7.2 next-hop-self
% Specify remote-as or peer-group commands first
BOST_router(config-router)# neighbor 49.0.8.1 next-hop-self
BOST_router(config-router)# neighbor 49.0.8.2 next-hop-self
BOST_router(config-router)# neighbor 49.0.9.1 next-hop-self
BOST_router(config-router)# neighbor 49.0.9.2 next-hop-self
BOST_router(config-router)# neighbor 49.0.10.1 next-hop-self
BOST_router(config-router)# neighbor 49.0.10.2 next-hop-self
% Specify remote-as or peer-group commands first
BOST_router(config-router)# neighbor 49.0.11.1 next-hop-self
BOST_router(config-router)# neighbor 49.0.11.2 next-hop-self
BOST_router(config-router)# neighbor 49.0.12.1 next-hop-self
BOST_router(config-router)# neighbor 49.0.12.2 next-hop-self
BOST_router(config-router)# neighbor 49.0.13.1 next-hop-self
BOST_router(config-router)# neighbor 49.0.13.2 next-hop-self
BOST_router(config-router)# exit
BOST_router(config)# exit
BOST_router# show ip bgp summary

IPv4 Unicast Summary:
BGP router identifier 49.156.0.1, local AS number 49 vrf-id 0
BGP table version 2
RIB entries 3, using 576 bytes of memory
Peers 24, using 511 KiB of memory

Neighbor        V         AS   MsgRcvd   MsgSent   TblVer  InQ OutQ  Up/Down State/PfxRcd   PfxSnt
49.0.1.1        4         49         0         0        0    0    0    never       Active        0
49.0.1.2        4         49        15         8        0    0    0    never         Idle        0
49.0.2.1        4         49         0         0        0    0    0    never       Active        0
49.0.2.2        4         49        15         9        0    0    0    never         Idle        0
49.0.3.1        4         49        26        17        0    0    0    never         Idle        0
49.0.3.2        4         49         0         0        0    0    0    never       Active        0
49.0.4.1        4         49         0         1        0    0    0    never       Active        0
49.0.4.2        4         49        15         9        0    0    0    never         Idle        0
49.0.5.1        4         49        24        20        0    0    0 00:17:17            2        0
49.0.5.2        4         49        15         8        0    0    0    never         Idle        0
49.0.6.1        4         49        15         8        0    0    0    never         Idle        0
49.0.6.2        4         49         0         0        0    0    0    never       Active        0
49.0.7.1        4         49        31        31        0    0    0 00:28:49            0        0
49.0.8.1        4         49        23        13        0    0    0    never         Idle        0
49.0.8.2        4         49        15         9        0    0    0    never         Idle        0
49.0.9.1        4         49         0         0        0    0    0    never       Active        0
49.0.9.2        4         49         0         0        0    0    0    never       Active        0
49.0.10.1       4         49        31        31        0    0    0 00:28:50            0        0
49.0.11.1       4         49        15         9        0    0    0    never         Idle        0
49.0.11.2       4         49         0         0        0    0    0    never       Active        0
49.0.12.1       4         49        15         8        0    0    0    never         Idle        0
49.0.12.2       4         49         0         0        0    0    0    never       Active        0
49.0.13.1       4         49         0         0        0    0    0    never       Active        0
49.0.13.2       4         49         0         0        0    0    0    never       Active        0

Total number of neighbors 24
BOST_router# conf t
BOST_router(config)# router bgp 49
BOST_router(config-router)# no neighbor 49.0.1.1 remote-as 49
BOST_router(config-router)# no neighbor 49.0.1.2 remote-as 49
BOST_router(config-router)# no neighbor 49.0.2.1 remote-as 49
BOST_router(config-router)# no neighbor 49.0.2.2 remote-as 49
BOST_router(config-router)# no neighbor 49.0.3.1 remote-as 49
BOST_router(config-router)# no neighbor 49.0.3.2 remote-as 49
BOST_router(config-router)# no neighbor 49.0.4.1 remote-as 49
BOST_router(config-router)# no neighbor 49.0.4.2 remote-as 49
BOST_router(config-router)# no neighbor 49.0.5.1 remote-as 49
BOST_router(config-router)# no neighbor 49.0.5.2 remote-as 49
BOST_router(config-router)# no neighbor 49.0.6.1 remote-as 49
BOST_router(config-router)# no neighbor 49.0.6.2 remote-as 49
BOST_router(config-router)# no neighbor 49.0.7.1 remote-as 49
BOST_router(config-router)# no neighbor 49.0.7.2 remote-as 49
BOST_router(config-router)# no neighbor 49.0.8.1 remote-as 49
BOST_router(config-router)# no neighbor 49.0.8.2 remote-as 49
BOST_router(config-router)# no neighbor 49.0.9.1 remote-as 49
BOST_router(config-router)# no neighbor 49.0.9.2 remote-as 49
BOST_router(config-router)# no neighbor 49.0.10.1 remote-as 49
BOST_router(config-router)# no neighbor 49.0.10.2 remote-as 49
BOST_router(config-router)# no neighbor 49.0.11.1 remote-as 49
BOST_router(config-router)# no neighbor 49.0.11.2 remote-as 49
BOST_router(config-router)# no neighbor 49.0.12.1 remote-as 49
BOST_router(config-router)# no neighbor 49.0.12.2 remote-as 49
BOST_router(config-router)# no neighbor 49.0.13.1 remote-as 49
BOST_router(config-router)# no neighbor 49.0.13.2 remote-as 49
BOST_router(config-router)# exit
BOST_router(config)# exit
BOST_router# show ip bgp summary
% No BGP neighbors found
BOST_router# conf t
BOST_router(config)# router bgp 49
BOST_router(config-router)# neighbor 49.153.0.1 remote-as 49
BOST_router(config-router)# neighbor 49.153.0.1 next-hop-self 
BOST_router(config-router)# neighbor 49.153.0.1 update-source lo
BOST_router(config-router)# neighbor 49.151.0.1 remote-as 49
BOST_router(config-router)# neighbor 49.151.0.1 next-hop-self 
BOST_router(config-router)# neighbor 49.151.0.1 update-source lo
BOST_router(config-router)# neighbor 49.155.0.1 remote-as 49
BOST_router(config-router)# neighbor 49.155.0.1 next-hop-self 
BOST_router(config-router)# neighbor 49.155.0.1 update-source lo
BOST_router(config-router)# neighbor 49.157.0.1 remote-as 49
BOST_router(config-router)# neighbor 49.157.0.1 next-hop-self 
BOST_router(config-router)# neighbor 49.157.0.1 update-source lo
BOST_router(config-router)# neighbor 49.158.0.1 remote-as 49
BOST_router(config-router)# neighbor 49.158.0.1 next-hop-self 
BOST_router(config-router)# neighbor 49.158.0.1 update-source lo
BOST_router(config-router)# exit
BOST_router(config)# exit
BOST_router# show ip bgp sum

IPv4 Unicast Summary:
BGP router identifier 49.156.0.1, local AS number 49 vrf-id 0
BGP table version 10
RIB entries 3, using 576 bytes of memory
Peers 5, using 107 KiB of memory

Neighbor        V         AS   MsgRcvd   MsgSent   TblVer  InQ OutQ  Up/Down State/PfxRcd   PfxSnt
49.151.0.1      4         49         3         4        0    0    0 00:00:12            0        0
49.153.0.1      4         49         5         4        0    0    0 00:00:16            2        0
49.155.0.1      4         49         3         4        0    0    0 00:00:09            0        0
49.157.0.1      4         49         0         2        0    0    0    never       Active        0
49.158.0.1      4         49         0         2        0    0    0    never       Active        0

Total number of neighbors 5
BOST_router# ping 100.101.0.1
PING 100.101.0.1 (100.101.0.1) 56(84) bytes of data.
64 bytes from 100.101.0.1: icmp_seq=1 ttl=61 time=5.02 ms
64 bytes from 100.101.0.1: icmp_seq=2 ttl=61 time=4.40 ms
64 bytes from 100.101.0.1: icmp_seq=3 ttl=61 time=4.34 ms
^C
--- 100.101.0.1 ping statistics ---
3 packets transmitted, 3 received, 0% packet loss, time 2002ms
rtt min/avg/max/mdev = 4.347/4.592/5.025/0.316 ms
BOST_router# show ip route bgp
Codes: K - kernel route, C - connected, S - static, R - RIP,
       O - OSPF, I - IS-IS, B - BGP, E - EIGRP, N - NHRP,
       T - Table, v - VNC, V - VNC-Direct, A - Babel, D - SHARP,
       F - PBR, f - OpenFabric,
       > - selected route, * - FIB route, q - queued, r - rejected, b - backup

B>  49.0.0.0/8 [200/0] via 49.153.0.1 (recursive), weight 1, 00:02:26
  *                      via 49.0.7.1, port_LOND, weight 1, 00:02:26
  *                      via 49.0.10.1, port_NEWY, weight 1, 00:02:26
B>  100.0.0.0/8 [200/0] via 49.153.0.1 (recursive), weight 1, 00:02:26
  *                       via 49.0.7.1, port_LOND, weight 1, 00:02:26
  *                       via 49.0.10.1, port_NEWY, weight 1, 00:02:26
BOST_router# 